// Jest Snapshot v1, https://goo.gl/fbAQLP

exports[`should Render correctly with multiple expenses 1`] = `
<div>
  <p>
    Viewing 
    2
     expense
    s
     totalling 
    $94.34
  </p>
</div>
`;

exports[`should Render correctly with single expense 1`] = `
<div>
  <p>
    Viewing 
    1
     expense
     totalling 
    $94.34
  </p>
</div>
`;
